Connecting to local database...
3.36: Pulling from supabase/pg_prove
dcccee43ad5d: Pulling fs layer
06d62d0de6d7: Pulling fs layer
a22cb17b3b93: Pulling fs layer
4f4fb700ef54: Pulling fs layer
4f4fb700ef54: Waiting
a22cb17b3b93: Verifying Checksum
a22cb17b3b93: Download complete
4f4fb700ef54: Verifying Checksum
4f4fb700ef54: Download complete
dcccee43ad5d: Download complete
06d62d0de6d7: Verifying Checksum
06d62d0de6d7: Download complete
dcccee43ad5d: Pull complete
06d62d0de6d7: Pull complete
a22cb17b3b93: Pull complete
4f4fb700ef54: Pull complete
Digest: sha256:eda7c5e68719e9c8287e78c017118407b48df904a51c935f5ab6098b8c0bc6bc
Status: Downloaded newer image for public.ecr.aws/supabase/pg_prove:3.36
public.ecr.aws/supabase/pg_prove:3.36
psql:/home/runner/work/Shaheen-Traders-POS/Shaheen-Traders-POS/supabase/tests/rls_security.test.sql:2: NOTICE:  extension "pgtap" already exists, skipping
/home/runner/work/Shaheen-Traders-POS/Shaheen-Traders-POS/supabase/tests/rls_security.test.sql .. ok
All tests successful.
Files=1, Tests=7,  0 wallclock secs ( 0.02 usr +  0.01 sys =  0.03 CPU)
Result: PASS
